// Jest Snapshot v1, https://goo.gl/fbAQLP

exports[`Data Table Testing should match snapshot 1`] = `
<div>
  <div
    class="tremor-Card-root relative w-full text-left rounded-tremor-default bg-tremor-background ring-tremor-ring shadow-tremor-card dark:ring-dark-tremor-ring dark:shadow-dark-tremor-card border-tremor-brand dark:border-dark-tremor-brand p-0 border-none ring-0 dark:bg-dark-tremor-primary overflow-x-auto"
  >
    <div
      class="flex flex-col items-start justify-start my-2"
    >
      <div
        class="tremor-Table-root overflow-auto w-full"
      >
        <table
          class="tremor-Table-table w-full tabular-nums text-tremor-default text-tremor-content dark:text-dark-tremor-content"
        >
          <thead
            class="tremor-TableHead-root text-left text-tremor-content dark:text-dark-tremor-content"
          >
            <tr
              class="tremor-TableRow-row"
            >
              <th
                class="tremor-TableHeaderCell-root sticky whitespace-nowrap text-left text-tremor-content top-0 px-6 py-2 text-[10.4px] leading-[17px] dark:text-white tracking-[0.2px] font-bold opacity-70 uppercase"
              >
                <div
                  class="tremor-Flex-root flex w-full flex-row justify-between items-center"
                >
                  <div
                    class="tremor-Flex-root flex w-full flex-row justify-between items-center"
                  >
                    Id
                  </div>
                  <div
                    class="tremor-Flex-root flex w-full justify-between items-center relative flex-col mx-4"
                  >
                    <div
                      class="tremor-Flex-root flex w-full flex-row items-center absotule top-0 justify-end"
                    >
                      <button
                        class="tremor-Button-root flex-shrink-0 inline-flex group font-medium outline-none text-sm text-tremor-brand dark:text-dark-tremor-brand bg-transparent hover:text-tremor-brand-emphasis dark:hover:text-dark-tremor-brand-emphasis w-1.5 h-1.5 justify-center items-center opacity-50 dark:opacity-100"
                      >
                        <span
                          class="tremor-Button-text text-sm whitespace-nowrap"
                        >
                          <svg
                            class="w-4 h-4"
                            fill="currentColor"
                            height="1em"
                            stroke="currentColor"
                            stroke-width="0"
                            viewBox="0 0 24 24"
                            width="1em"
                            xmlns="http://www.w3.org/2000/svg"
                          >
                            <path
                              d="M0 0h24v24H0z"
                              fill="none"
                            />
                            <path
                              d="M7 14l5-5 5 5z"
                            />
                          </svg>
                        </span>
                      </button>
                    </div>
                    <div
                      class="tremor-Flex-root flex w-full flex-row items-center absotule top-0 justify-end"
                    >
                      <button
                        class="tremor-Button-root flex-shrink-0 inline-flex group font-medium outline-none text-sm text-tremor-brand dark:text-dark-tremor-brand bg-transparent hover:text-tremor-brand-emphasis dark:hover:text-dark-tremor-brand-emphasis w-1.5 h-1.5 justify-center items-center opacity-50 dark:opacity-100"
                      >
                        <span
                          class="tremor-Button-text text-sm whitespace-nowrap"
                        >
                          <svg
                            class="w-4 h-4"
                            fill="currentColor"
                            height="1em"
                            stroke="currentColor"
                            stroke-width="0"
                            viewBox="0 0 24 24"
                            width="1em"
                            xmlns="http://www.w3.org/2000/svg"
                          >
                            <path
                              d="M0 0h24v24H0z"
                              fill="none"
                            />
                            <path
                              d="M7 10l5 5 5-5z"
                            />
                          </svg>
                        </span>
                      </button>
                    </div>
                  </div>
                </div>
              </th>
              <th
                class="tremor-TableHeaderCell-root sticky whitespace-nowrap text-left text-tremor-content top-0 px-6 py-2 text-[10.4px] leading-[17px] dark:text-white tracking-[0.2px] font-bold opacity-70 uppercase"
              >
                <div
                  class="tremor-Flex-root flex w-full flex-row justify-between items-center"
                >
                  <div
                    class="tremor-Flex-root flex w-full flex-row justify-between items-center"
                  >
                    Date
                  </div>
                  <div
                    class="tremor-Flex-root flex w-full justify-between items-center relative flex-col mx-4"
                  >
                    <div
                      class="tremor-Flex-root flex w-full flex-row items-center absotule top-0 justify-end"
                    >
                      <button
                        class="tremor-Button-root flex-shrink-0 inline-flex group font-medium outline-none text-sm text-tremor-brand dark:text-dark-tremor-brand bg-transparent hover:text-tremor-brand-emphasis dark:hover:text-dark-tremor-brand-emphasis w-1.5 h-1.5 justify-center items-center opacity-50 dark:opacity-100"
                      >
                        <span
                          class="tremor-Button-text text-sm whitespace-nowrap"
                        >
                          <svg
                            class="w-4 h-4"
                            fill="currentColor"
                            height="1em"
                            stroke="currentColor"
                            stroke-width="0"
                            viewBox="0 0 24 24"
                            width="1em"
                            xmlns="http://www.w3.org/2000/svg"
                          >
                            <path
                              d="M0 0h24v24H0z"
                              fill="none"
                            />
                            <path
                              d="M7 14l5-5 5 5z"
                            />
                          </svg>
                        </span>
                      </button>
                    </div>
                    <div
                      class="tremor-Flex-root flex w-full flex-row items-center absotule top-0 justify-end"
                    >
                      <button
                        class="tremor-Button-root flex-shrink-0 inline-flex group font-medium outline-none text-sm text-tremor-brand dark:text-dark-tremor-brand bg-transparent hover:text-tremor-brand-emphasis dark:hover:text-dark-tremor-brand-emphasis w-1.5 h-1.5 justify-center items-center opacity-50 dark:opacity-100"
                      >
                        <span
                          class="tremor-Button-text text-sm whitespace-nowrap"
                        >
                          <svg
                            class="w-4 h-4"
                            fill="currentColor"
                            height="1em"
                            stroke="currentColor"
                            stroke-width="0"
                            viewBox="0 0 24 24"
                            width="1em"
                            xmlns="http://www.w3.org/2000/svg"
                          >
                            <path
                              d="M0 0h24v24H0z"
                              fill="none"
                            />
                            <path
                              d="M7 10l5 5 5-5z"
                            />
                          </svg>
                        </span>
                      </button>
                    </div>
                  </div>
                </div>
              </th>
            </tr>
          </thead>
          <tbody
            class="tremor-TableBody-root align-top overflow-x-auto divide-y divide-tremor-border dark:divide-dark-tremor-border"
          >
            <tr
              class="tremor-TableRow-row"
            >
              <td
                class="tremor-TableCell-root align-middle whitespace-nowrap tabular-nums text-left p-4 px-6 py-5 border-0 border-b border-gray-100"
              >
                <p
                  class="text-xs font-semibold"
                >
                  10425
                </p>
              </td>
              <td
                class="tremor-TableCell-root align-middle whitespace-nowrap tabular-nums text-left p-4 px-6 py-5 border-0 border-b border-gray-100"
              >
                <p
                  class="text-xs font-semibold"
                >
                  2023-11-01T10:20:00+00:00
                </p>
              </td>
            </tr>
            <tr
              class="tremor-TableRow-row"
            >
              <td
                class="tremor-TableCell-root align-middle whitespace-nowrap tabular-nums text-left p-4 px-6 py-5 border-0 border-b border-gray-100"
              >
                <p
                  class="text-xs font-semibold"
                >
                  12345
                </p>
              </td>
              <td
                class="tremor-TableCell-root align-middle whitespace-nowrap tabular-nums text-left p-4 px-6 py-5 border-0 border-b border-gray-100"
              >
                <p
                  class="text-xs font-semibold"
                >
                  2023-11-01T03:20:00+00:00
                </p>
              </td>
            </tr>
            <tr
              class="tremor-TableRow-row"
            >
              <td
                class="tremor-TableCell-root align-middle whitespace-nowrap tabular-nums text-left p-4 px-6 py-5 border-0 border-b border-gray-100"
              >
                <p
                  class="text-xs font-semibold"
                >
                  12350
                </p>
              </td>
              <td
                class="tremor-TableCell-root align-middle whitespace-nowrap tabular-nums text-left p-4 px-6 py-5 border-0 border-b border-gray-100"
              >
                <p
                  class="text-xs font-semibold"
                >
                  2023-11-01T11:03:00+00:00
                </p>
              </td>
            </tr>
          </tbody>
        </table>
      </div>
    </div>
  </div>
</div>
`;
