// Jest Snapshot v1, https://goo.gl/fbAQLP

exports[`UserConversationHistory component Should render UserConversationHistory snapshot correctly 1`] = `
{
  "asFragment": [Function],
  "baseElement": <body>
    <div>
      <div
        class="tremor-Flex-root flex w-full flex-row justify-between items-center mb-2 py-2 flex-wrap xs:flex-nowrap"
      >
        <div
          class="tremor-Flex-root flex w-full flex-row items-center justify-start flex-wrap sm:flex-nowrap"
        >
          <div
            class="w-12 h-12"
          >
            <div
              class="inline-flex rounded-full overflow-hidden shadow-md"
            >
              <img
                alt="Sophie.B"
                data-nimg="1"
                decoding="async"
                fetchpriority="high"
                height="48"
                src="http://localhost/_next/image?url=%2Fimages%2Favatar%2Favatar-md.webp&w=96&q=75"
                srcset="/_next/image?url=%2Fimages%2Favatar%2Favatar-md.webp&w=48&q=75 1x, /_next/image?url=%2Fimages%2Favatar%2Favatar-md.webp&w=96&q=75 2x"
                style="color: transparent;"
                width="48"
              />
            </div>
          </div>
          <div
            class="max-w-[180px] font-medium dark:text-white pl-4"
          >
            <p
              class="text-tremor-default text-sm text-primary dark:text-dark-primary font-semibold"
            >
              Sophie.B
            </p>
            <p
              class="text-tremor-default text-xs text-secondary font-light truncate dark:text-dark-romance"
            >
              Hi! I need more information..
            </p>
          </div>
        </div>
        <button
          class="tremor-Button-root flex-shrink-0 inline-flex justify-center items-center group font-medium outline-none rounded-tremor-default shadow-tremor-input dark:shadow-dark-tremor-input px-4 py-2 text-sm border-tremor-brand dark:border-dark-tremor-brand text-tremor-brand-inverted dark:text-dark-tremor-brand-inverted hover:border-tremor-brand-emphasis dark:hover:border-dark-tremor-brand-emphasis min-w-[64px] m-0 border-0 hover:bg-[none] bg-transparent dark:bg-transparent dark:hover:bg-[none]"
        >
          <span
            class="tremor-Button-text text-tremor-default whitespace-nowrap"
          >
            <p
              class="text-tremor-default dark:text-dark-tremor-content text-primary text-xs text-center font-bold uppercase leading-[17px]"
            >
              Reply
            </p>
          </span>
        </button>
      </div>
    </div>
  </body>,
  "container": <div>
    <div
      class="tremor-Flex-root flex w-full flex-row justify-between items-center mb-2 py-2 flex-wrap xs:flex-nowrap"
    >
      <div
        class="tremor-Flex-root flex w-full flex-row items-center justify-start flex-wrap sm:flex-nowrap"
      >
        <div
          class="w-12 h-12"
        >
          <div
            class="inline-flex rounded-full overflow-hidden shadow-md"
          >
            <img
              alt="Sophie.B"
              data-nimg="1"
              decoding="async"
              fetchpriority="high"
              height="48"
              src="http://localhost/_next/image?url=%2Fimages%2Favatar%2Favatar-md.webp&w=96&q=75"
              srcset="/_next/image?url=%2Fimages%2Favatar%2Favatar-md.webp&w=48&q=75 1x, /_next/image?url=%2Fimages%2Favatar%2Favatar-md.webp&w=96&q=75 2x"
              style="color: transparent;"
              width="48"
            />
          </div>
        </div>
        <div
          class="max-w-[180px] font-medium dark:text-white pl-4"
        >
          <p
            class="text-tremor-default text-sm text-primary dark:text-dark-primary font-semibold"
          >
            Sophie.B
          </p>
          <p
            class="text-tremor-default text-xs text-secondary font-light truncate dark:text-dark-romance"
          >
            Hi! I need more information..
          </p>
        </div>
      </div>
      <button
        class="tremor-Button-root flex-shrink-0 inline-flex justify-center items-center group font-medium outline-none rounded-tremor-default shadow-tremor-input dark:shadow-dark-tremor-input px-4 py-2 text-sm border-tremor-brand dark:border-dark-tremor-brand text-tremor-brand-inverted dark:text-dark-tremor-brand-inverted hover:border-tremor-brand-emphasis dark:hover:border-dark-tremor-brand-emphasis min-w-[64px] m-0 border-0 hover:bg-[none] bg-transparent dark:bg-transparent dark:hover:bg-[none]"
      >
        <span
          class="tremor-Button-text text-tremor-default whitespace-nowrap"
        >
          <p
            class="text-tremor-default dark:text-dark-tremor-content text-primary text-xs text-center font-bold uppercase leading-[17px]"
          >
            Reply
          </p>
        </span>
      </button>
    </div>
  </div>,
  "debug": [Function],
  "findAllByAltText": [Function],
  "findAllByDisplayValue": [Function],
  "findAllByLabelText": [Function],
  "findAllByPlaceholderText": [Function],
  "findAllByRole": [Function],
  "findAllByTestId": [Function],
  "findAllByText": [Function],
  "findAllByTitle": [Function],
  "findByAltText": [Function],
  "findByDisplayValue": [Function],
  "findByLabelText": [Function],
  "findByPlaceholderText": [Function],
  "findByRole": [Function],
  "findByTestId": [Function],
  "findByText": [Function],
  "findByTitle": [Function],
  "getAllByAltText": [Function],
  "getAllByDisplayValue": [Function],
  "getAllByLabelText": [Function],
  "getAllByPlaceholderText": [Function],
  "getAllByRole": [Function],
  "getAllByTestId": [Function],
  "getAllByText": [Function],
  "getAllByTitle": [Function],
  "getByAltText": [Function],
  "getByDisplayValue": [Function],
  "getByLabelText": [Function],
  "getByPlaceholderText": [Function],
  "getByRole": [Function],
  "getByTestId": [Function],
  "getByText": [Function],
  "getByTitle": [Function],
  "queryAllByAltText": [Function],
  "queryAllByDisplayValue": [Function],
  "queryAllByLabelText": [Function],
  "queryAllByPlaceholderText": [Function],
  "queryAllByRole": [Function],
  "queryAllByTestId": [Function],
  "queryAllByText": [Function],
  "queryAllByTitle": [Function],
  "queryByAltText": [Function],
  "queryByDisplayValue": [Function],
  "queryByLabelText": [Function],
  "queryByPlaceholderText": [Function],
  "queryByRole": [Function],
  "queryByTestId": [Function],
  "queryByText": [Function],
  "queryByTitle": [Function],
  "rerender": [Function],
  "unmount": [Function],
}
`;
