// Jest Snapshot v1, https://goo.gl/fbAQLP

exports[`InvoiceFooter Testing should match snapshot 1`] = `
<div>
  <div
    class="tremor-Flex-root flex w-full justify-between items-start md:items-end flex-col md:flex-row mt-14 invoice"
  >
    <div
      class="tremor-Flex-root flex w-full flex-col justify-between items-start md:max-w-[40%]"
    >
      <p
        class="text-primary dark:text-white text-lg font-semibold leading-7"
      >
        Thank you!
      </p>
      <p
        class="text-sm dark:text-dark-romance font-light text-secondary leading-5 my-2"
      >
        If you encounter any issues related to the invoice you can contact us at:
      </p>
      <p
        class="dark:text-dark-romance text-secondary leading-5 my-4"
      >
        email:
         
        <a
          class="text-primary dark:text-white"
          href="mailto:support@creative-tim.com"
        >
          support@creative-tim.com
        </a>
      </p>
    </div>
    <button
      class="tremor-Button-root flex-shrink-0 inline-flex justify-center items-center group font-medium outline-none rounded-tremor-default shadow-tremor-input dark:shadow-dark-tremor-input border text-sm border-tremor-brand dark:border-dark-tremor-brand text-tremor-brand-inverted hover:bg-tremor-brand-emphasis dark:hover:bg-dark-tremor-brand-emphasis hover:border-tremor-brand-emphasis dark:hover:border-dark-tremor-brand-emphasis py-3 px-6 my-2 bg-gradient-primary dark:bg-gradient-pickled border-none dark:text-white"
    >
      <span
        class="tremor-Button-text text-sm whitespace-nowrap"
      >
        <p
          class="text-tremor-default uppercase font-bold text-xs text-white dark:text-white"
        >
          print
        </p>
      </span>
    </button>
  </div>
</div>
`;
