// Jest Snapshot v1, https://goo.gl/fbAQLP

exports[`Testing AnalyticsStatisticCard component Should match snapshot 1`] = `
{
  "asFragment": [Function],
  "baseElement": <body>
    <div>
      <div
        class="font-primary antialiased items-center justify-between py-1"
      >
        <div
          class="flex items-center"
        >
          <div
            class="tremor-Card-root w-full text-left rounded-tremor-default bg-tremor-background ring-tremor-ring shadow-tremor-card dark:bg-dark-tremor-background dark:ring-dark-tremor-ring dark:shadow-dark-tremor-card border-tremor-brand dark:border-dark-tremor-brand p-6 mx-auto py-3 px-4 ring-0 max-w-full lg:max-w-[356px] 2xl:max-w-full border-none relative mt-[40px] rounded-xl shadow-md"
          >
            <div
              class="tremor-Flex-root flex w-full flex-row justify-between items-center"
            >
              <div
                class="tremor-Flex-root flex flex-row items-center p-1 justify-center rounded-xl w-16 h-16 bg-[linear-gradient(195deg,#42424a,#191919)] absolute top-[-22px] left-40px"
              >
                <svg
                  color="white"
                  fill="currentColor"
                  height="24px"
                  stroke="currentColor"
                  stroke-width="0"
                  style="color: white;"
                  viewBox="0 0 24 24"
                  width="24px"
                  xmlns="http://www.w3.org/2000/svg"
                >
                  <path
                    d="M0 0h24v24H0z"
                    fill="none"
                  />
                  <path
                    d="M11.99 2C6.47 2 2 6.48 2 12s4.47 10 9.99 10C17.52 22 22 17.52 22 12S17.52 2 11.99 2zm6.93 6h-2.95a15.65 15.65 0 00-1.38-3.56A8.03 8.03 0 0118.92 8zM12 4.04c.83 1.2 1.48 2.53 1.91 3.96h-3.82c.43-1.43 1.08-2.76 1.91-3.96zM4.26 14C4.1 13.36 4 12.69 4 12s.1-1.36.26-2h3.38c-.08.66-.14 1.32-.14 2 0 .68.06 1.34.14 2H4.26zm.82 2h2.95c.32 1.25.78 2.45 1.38 3.56A7.987 7.987 0 015.08 16zm2.95-8H5.08a7.987 7.987 0 014.33-3.56A15.65 15.65 0 008.03 8zM12 19.96c-.83-1.2-1.48-2.53-1.91-3.96h3.82c-.43 1.43-1.08 2.76-1.91 3.96zM14.34 14H9.66c-.09-.66-.16-1.32-.16-2 0-.68.07-1.35.16-2h4.68c.09.65.16 1.32.16 2 0 .68-.07 1.34-.16 2zm.25 5.56c.6-1.11 1.06-2.31 1.38-3.56h2.95a8.03 8.03 0 01-4.33 3.56zM16.36 14c.08-.66.14-1.32.14-2 0-.68-.06-1.34-.14-2h3.38c.16.64.26 1.31.26 2s-.1 1.36-.26 2h-3.38z"
                  />
                </svg>
              </div>
              <div
                class="tremor-Flex-root flex w-full justify-between pl-[90px] flex-col mb-1 items-end"
              >
                <p
                  class="text-tremor-default dark:text-dark-tremor-content text-md text-[#7b809a] font-light"
                >
                  Bookings
                </p>
                <p
                  class="text-tremor-default dark:text-dark-tremor-content text-[#344767] text-[24px] mt-3 font-bold"
                >
                  281
                </p>
              </div>
            </div>
            <div
              class="h-px bg-[linear-gradient(to_right,rgba(52,71,103,0),rgba(52,71,103,0.4),rgba(52,71,103,0))] opacity-25 my-4"
            />
            <div
              class="tremor-Flex-root flex w-full flex-row justify-between items-center"
            >
              <div
                class="tremor-Flex-root flex w-full flex-row justify-start items-start"
              >
                <p
                  class="text-tremor-default dark:text-dark-tremor-content text-[#4caf50] font-bold"
                >
                  55%
                </p>
                <p
                  class="text-tremor-default dark:text-dark-tremor-content ml-1 text-[#7b809a] font-light"
                >
                  than last week
                </p>
              </div>
            </div>
          </div>
        </div>
      </div>
    </div>
  </body>,
  "container": <div>
    <div
      class="font-primary antialiased items-center justify-between py-1"
    >
      <div
        class="flex items-center"
      >
        <div
          class="tremor-Card-root w-full text-left rounded-tremor-default bg-tremor-background ring-tremor-ring shadow-tremor-card dark:bg-dark-tremor-background dark:ring-dark-tremor-ring dark:shadow-dark-tremor-card border-tremor-brand dark:border-dark-tremor-brand p-6 mx-auto py-3 px-4 ring-0 max-w-full lg:max-w-[356px] 2xl:max-w-full border-none relative mt-[40px] rounded-xl shadow-md"
        >
          <div
            class="tremor-Flex-root flex w-full flex-row justify-between items-center"
          >
            <div
              class="tremor-Flex-root flex flex-row items-center p-1 justify-center rounded-xl w-16 h-16 bg-[linear-gradient(195deg,#42424a,#191919)] absolute top-[-22px] left-40px"
            >
              <svg
                color="white"
                fill="currentColor"
                height="24px"
                stroke="currentColor"
                stroke-width="0"
                style="color: white;"
                viewBox="0 0 24 24"
                width="24px"
                xmlns="http://www.w3.org/2000/svg"
              >
                <path
                  d="M0 0h24v24H0z"
                  fill="none"
                />
                <path
                  d="M11.99 2C6.47 2 2 6.48 2 12s4.47 10 9.99 10C17.52 22 22 17.52 22 12S17.52 2 11.99 2zm6.93 6h-2.95a15.65 15.65 0 00-1.38-3.56A8.03 8.03 0 0118.92 8zM12 4.04c.83 1.2 1.48 2.53 1.91 3.96h-3.82c.43-1.43 1.08-2.76 1.91-3.96zM4.26 14C4.1 13.36 4 12.69 4 12s.1-1.36.26-2h3.38c-.08.66-.14 1.32-.14 2 0 .68.06 1.34.14 2H4.26zm.82 2h2.95c.32 1.25.78 2.45 1.38 3.56A7.987 7.987 0 015.08 16zm2.95-8H5.08a7.987 7.987 0 014.33-3.56A15.65 15.65 0 008.03 8zM12 19.96c-.83-1.2-1.48-2.53-1.91-3.96h3.82c-.43 1.43-1.08 2.76-1.91 3.96zM14.34 14H9.66c-.09-.66-.16-1.32-.16-2 0-.68.07-1.35.16-2h4.68c.09.65.16 1.32.16 2 0 .68-.07 1.34-.16 2zm.25 5.56c.6-1.11 1.06-2.31 1.38-3.56h2.95a8.03 8.03 0 01-4.33 3.56zM16.36 14c.08-.66.14-1.32.14-2 0-.68-.06-1.34-.14-2h3.38c.16.64.26 1.31.26 2s-.1 1.36-.26 2h-3.38z"
                />
              </svg>
            </div>
            <div
              class="tremor-Flex-root flex w-full justify-between pl-[90px] flex-col mb-1 items-end"
            >
              <p
                class="text-tremor-default dark:text-dark-tremor-content text-md text-[#7b809a] font-light"
              >
                Bookings
              </p>
              <p
                class="text-tremor-default dark:text-dark-tremor-content text-[#344767] text-[24px] mt-3 font-bold"
              >
                281
              </p>
            </div>
          </div>
          <div
            class="h-px bg-[linear-gradient(to_right,rgba(52,71,103,0),rgba(52,71,103,0.4),rgba(52,71,103,0))] opacity-25 my-4"
          />
          <div
            class="tremor-Flex-root flex w-full flex-row justify-between items-center"
          >
            <div
              class="tremor-Flex-root flex w-full flex-row justify-start items-start"
            >
              <p
                class="text-tremor-default dark:text-dark-tremor-content text-[#4caf50] font-bold"
              >
                55%
              </p>
              <p
                class="text-tremor-default dark:text-dark-tremor-content ml-1 text-[#7b809a] font-light"
              >
                than last week
              </p>
            </div>
          </div>
        </div>
      </div>
    </div>
  </div>,
  "debug": [Function],
  "findAllByAltText": [Function],
  "findAllByDisplayValue": [Function],
  "findAllByLabelText": [Function],
  "findAllByPlaceholderText": [Function],
  "findAllByRole": [Function],
  "findAllByTestId": [Function],
  "findAllByText": [Function],
  "findAllByTitle": [Function],
  "findByAltText": [Function],
  "findByDisplayValue": [Function],
  "findByLabelText": [Function],
  "findByPlaceholderText": [Function],
  "findByRole": [Function],
  "findByTestId": [Function],
  "findByText": [Function],
  "findByTitle": [Function],
  "getAllByAltText": [Function],
  "getAllByDisplayValue": [Function],
  "getAllByLabelText": [Function],
  "getAllByPlaceholderText": [Function],
  "getAllByRole": [Function],
  "getAllByTestId": [Function],
  "getAllByText": [Function],
  "getAllByTitle": [Function],
  "getByAltText": [Function],
  "getByDisplayValue": [Function],
  "getByLabelText": [Function],
  "getByPlaceholderText": [Function],
  "getByRole": [Function],
  "getByTestId": [Function],
  "getByText": [Function],
  "getByTitle": [Function],
  "queryAllByAltText": [Function],
  "queryAllByDisplayValue": [Function],
  "queryAllByLabelText": [Function],
  "queryAllByPlaceholderText": [Function],
  "queryAllByRole": [Function],
  "queryAllByTestId": [Function],
  "queryAllByText": [Function],
  "queryAllByTitle": [Function],
  "queryByAltText": [Function],
  "queryByDisplayValue": [Function],
  "queryByLabelText": [Function],
  "queryByPlaceholderText": [Function],
  "queryByRole": [Function],
  "queryByTestId": [Function],
  "queryByText": [Function],
  "queryByTitle": [Function],
  "rerender": [Function],
  "unmount": [Function],
}
`;
