// Jest Snapshot v1, https://goo.gl/fbAQLP

exports[`SelectField Component Should match snapshot 1`] = `
{
  "asFragment": [Function],
  "baseElement": <body>
    <div>
      <div
        class="w-full"
      >
        <p
          class="text-tremor-default text-secondary text-sm dark:text-lighter"
        >
          Currency
        </p>
        <select
          class="peer h-full w-full appearance-none rounded-none border-b-2 border-gray-300 bg-transparent font-sans text-sm font-normal text-primary dark:text-white dark:border-gray-600 dark:focus:border-gray-500 focus:outline-none focus:ring-0 focus:border-gray-600 peer outline outline-0 transition-all placeholder-shown:border-blue-gray-200 focus:border-gray-500 focus:outline-0 disabled:border-0 disabled:bg-blue-gray-50 placeholder:opacity-0 focus:placeholder:opacity-100 undefined"
          data-testid="select-field"
        >
          <option
            class="dark:bg-primary"
            data-testid="select-option"
            value="1"
          >
            BTC
          </option>
          <option
            class="dark:bg-primary"
            data-testid="select-option"
            value="2"
          >
            CNY
          </option>
          <option
            class="dark:bg-primary"
            data-testid="select-option"
            value="3"
          >
            EUR
          </option>
          <option
            class="dark:bg-primary"
            data-testid="select-option"
            value="4"
          >
            GBP
          </option>
          <option
            class="dark:bg-primary"
            data-testid="select-option"
            value="5"
          >
            INR
          </option>
          <option
            class="dark:bg-primary"
            data-testid="select-option"
            value="6"
          >
            USD
          </option>
        </select>
      </div>
    </div>
  </body>,
  "container": <div>
    <div
      class="w-full"
    >
      <p
        class="text-tremor-default text-secondary text-sm dark:text-lighter"
      >
        Currency
      </p>
      <select
        class="peer h-full w-full appearance-none rounded-none border-b-2 border-gray-300 bg-transparent font-sans text-sm font-normal text-primary dark:text-white dark:border-gray-600 dark:focus:border-gray-500 focus:outline-none focus:ring-0 focus:border-gray-600 peer outline outline-0 transition-all placeholder-shown:border-blue-gray-200 focus:border-gray-500 focus:outline-0 disabled:border-0 disabled:bg-blue-gray-50 placeholder:opacity-0 focus:placeholder:opacity-100 undefined"
        data-testid="select-field"
      >
        <option
          class="dark:bg-primary"
          data-testid="select-option"
          value="1"
        >
          BTC
        </option>
        <option
          class="dark:bg-primary"
          data-testid="select-option"
          value="2"
        >
          CNY
        </option>
        <option
          class="dark:bg-primary"
          data-testid="select-option"
          value="3"
        >
          EUR
        </option>
        <option
          class="dark:bg-primary"
          data-testid="select-option"
          value="4"
        >
          GBP
        </option>
        <option
          class="dark:bg-primary"
          data-testid="select-option"
          value="5"
        >
          INR
        </option>
        <option
          class="dark:bg-primary"
          data-testid="select-option"
          value="6"
        >
          USD
        </option>
      </select>
    </div>
  </div>,
  "debug": [Function],
  "findAllByAltText": [Function],
  "findAllByDisplayValue": [Function],
  "findAllByLabelText": [Function],
  "findAllByPlaceholderText": [Function],
  "findAllByRole": [Function],
  "findAllByTestId": [Function],
  "findAllByText": [Function],
  "findAllByTitle": [Function],
  "findByAltText": [Function],
  "findByDisplayValue": [Function],
  "findByLabelText": [Function],
  "findByPlaceholderText": [Function],
  "findByRole": [Function],
  "findByTestId": [Function],
  "findByText": [Function],
  "findByTitle": [Function],
  "getAllByAltText": [Function],
  "getAllByDisplayValue": [Function],
  "getAllByLabelText": [Function],
  "getAllByPlaceholderText": [Function],
  "getAllByRole": [Function],
  "getAllByTestId": [Function],
  "getAllByText": [Function],
  "getAllByTitle": [Function],
  "getByAltText": [Function],
  "getByDisplayValue": [Function],
  "getByLabelText": [Function],
  "getByPlaceholderText": [Function],
  "getByRole": [Function],
  "getByTestId": [Function],
  "getByText": [Function],
  "getByTitle": [Function],
  "queryAllByAltText": [Function],
  "queryAllByDisplayValue": [Function],
  "queryAllByLabelText": [Function],
  "queryAllByPlaceholderText": [Function],
  "queryAllByRole": [Function],
  "queryAllByTestId": [Function],
  "queryAllByText": [Function],
  "queryAllByTitle": [Function],
  "queryByAltText": [Function],
  "queryByDisplayValue": [Function],
  "queryByLabelText": [Function],
  "queryByPlaceholderText": [Function],
  "queryByRole": [Function],
  "queryByTestId": [Function],
  "queryByText": [Function],
  "queryByTitle": [Function],
  "rerender": [Function],
  "unmount": [Function],
}
`;
