// Jest Snapshot v1, https://goo.gl/fbAQLP

exports[`InvoiceFooter Testing should match snapshot 1`] = `
<div>
  <p
    class="py-0.5 text-xs dark:text-lighter font-semibold leading-[15px] tracking-[0.4px] truncate max-w-[150px] lg:max-w-[250px] xl:max-w-[350px] 2xl:max-w-[450px] min-w-[150px] order-product py-5 first:pt-0 last:pb-0 border-0 dark:border-grayish border-b border-gray-100 last:border-0"
  >
    Product A
  </p>
</div>
`;
