// Jest Snapshot v1, https://goo.gl/fbAQLP

exports[`Testing InvoiceHeader component Should match snapshot 1`] = `
<div>
  <div
    class="tremor-Flex-root flex w-full justify-between items-center flex-col md:flex-row"
  >
    <div
      class="tremor-Flex-root flex w-full flex-col justify-between items-start md:max-w-[33.333333%]"
    >
      <div
        class="w-16 h-16 bg-contain bg-[url('/assets/images/logo/logo-td-dark.webp')] dark:bg-[url('/assets/images/logo/logo-td-light.webp')]"
      />
      <p
        class="text-primary dark:text-white font-bold leading-[26px] tracking-[0.12px] mt-3"
      >
        St. Independence Embankment, 050105 Bucharest, Romania
      </p>
      <p
        class="text-secondary dark:text-dark-romance font-primary font-light leading-[25.6px] tracking-[0.17136px] mt-2 mb-4"
      >
        tel: +4 (074) 1090873
      </p>
    </div>
    <div
      class="tremor-Flex-root flex w-full flex-col justify-between items-start md:items-end mt-10 md:mt-0"
    >
      <p
        class="text-primary dark:text-white font-bold leading-[26px] tracking-[0.12px]"
      >
        Billed to: John Doe
      </p>
      <p
        class="text-secondary dark:text-dark-romance font-primary font-light leading-[25.6px] tracking-[0.17136px] md:text-right"
      >
        4006 Locust View Drive
        <br />
         San Francisco CA
        <br />
         California
      </p>
    </div>
  </div>
</div>
`;
