// Jest Snapshot v1, https://goo.gl/fbAQLP

exports[`Testing IconBox component Should match snapshot 1`] = `
{
  "asFragment": [Function],
  "baseElement": <body>
    <div>
      <div
        class="tremor-Flex-root flex flex-row items-center p-1 justify-center rounded-xl shadow-box-icon-default w-16 h-16 bg-[linear-gradient(195deg,#42424a,#191919)]"
      >
        <svg
          color="white"
          fill="currentColor"
          height="24px"
          stroke="currentColor"
          stroke-width="0"
          style="color: white;"
          viewBox="0 0 512 512"
          width="24px"
          xmlns="http://www.w3.org/2000/svg"
        >
          <path
            d="M399.95 160h-287.9C76.824 160 48 188.803 48 224v138.667h79.899V448H384.1v-85.333H464V224c0-35.197-28.825-64-64.05-64zM352 416H160V288h192v128zm32.101-352H127.899v80H384.1V64z"
          />
        </svg>
      </div>
    </div>
  </body>,
  "container": <div>
    <div
      class="tremor-Flex-root flex flex-row items-center p-1 justify-center rounded-xl shadow-box-icon-default w-16 h-16 bg-[linear-gradient(195deg,#42424a,#191919)]"
    >
      <svg
        color="white"
        fill="currentColor"
        height="24px"
        stroke="currentColor"
        stroke-width="0"
        style="color: white;"
        viewBox="0 0 512 512"
        width="24px"
        xmlns="http://www.w3.org/2000/svg"
      >
        <path
          d="M399.95 160h-287.9C76.824 160 48 188.803 48 224v138.667h79.899V448H384.1v-85.333H464V224c0-35.197-28.825-64-64.05-64zM352 416H160V288h192v128zm32.101-352H127.899v80H384.1V64z"
        />
      </svg>
    </div>
  </div>,
  "debug": [Function],
  "findAllByAltText": [Function],
  "findAllByDisplayValue": [Function],
  "findAllByLabelText": [Function],
  "findAllByPlaceholderText": [Function],
  "findAllByRole": [Function],
  "findAllByTestId": [Function],
  "findAllByText": [Function],
  "findAllByTitle": [Function],
  "findByAltText": [Function],
  "findByDisplayValue": [Function],
  "findByLabelText": [Function],
  "findByPlaceholderText": [Function],
  "findByRole": [Function],
  "findByTestId": [Function],
  "findByText": [Function],
  "findByTitle": [Function],
  "getAllByAltText": [Function],
  "getAllByDisplayValue": [Function],
  "getAllByLabelText": [Function],
  "getAllByPlaceholderText": [Function],
  "getAllByRole": [Function],
  "getAllByTestId": [Function],
  "getAllByText": [Function],
  "getAllByTitle": [Function],
  "getByAltText": [Function],
  "getByDisplayValue": [Function],
  "getByLabelText": [Function],
  "getByPlaceholderText": [Function],
  "getByRole": [Function],
  "getByTestId": [Function],
  "getByText": [Function],
  "getByTitle": [Function],
  "queryAllByAltText": [Function],
  "queryAllByDisplayValue": [Function],
  "queryAllByLabelText": [Function],
  "queryAllByPlaceholderText": [Function],
  "queryAllByRole": [Function],
  "queryAllByTestId": [Function],
  "queryAllByText": [Function],
  "queryAllByTitle": [Function],
  "queryByAltText": [Function],
  "queryByDisplayValue": [Function],
  "queryByLabelText": [Function],
  "queryByPlaceholderText": [Function],
  "queryByRole": [Function],
  "queryByTestId": [Function],
  "queryByText": [Function],
  "queryByTitle": [Function],
  "rerender": [Function],
  "unmount": [Function],
}
`;
