// Jest Snapshot v1, https://goo.gl/fbAQLP

exports[`Testing breadcrumb component Should match snapshot 1`] = `
<div>
  <nav
    class="block"
  >
    <ol
      class="flex flex-wrap items-center text-gray-400"
    >
      <li>
        <a
          class="flex"
          href="/dashboards/analytics"
        >
          <svg
            class="bg-inherit border-0 py-0 hover:bg-transparent text-inherit"
            fill="currentColor"
            height="1em"
            stroke="currentColor"
            stroke-width="0"
            viewBox="0 0 24 24"
            width="1em"
            xmlns="http://www.w3.org/2000/svg"
          >
            <path
              d="M0 0h24v24H0z"
              fill="none"
            />
            <path
              d="M10 20v-6h4v6h5v-8h3L12 3 2 12h3v8z"
            />
          </svg>
        </a>
      </li>
      <li
        aria-hidden="true"
        class="text-xs mx-2"
      >
        ⁄
      </li>
      <li
        class="flex items-center text-inherit"
      >
        <div
          class="bc-link"
        >
          <a
            class="text-sm capitalize"
            href="/dashboards/analytics"
          >
            dashboards
          </a>
        </div>
        <div
          aria-hidden="true"
          class="text-xs mx-2"
        >
          ⁄
        </div>
      </li>
      <li
        class="text-sm text-tremor-content-title capitalize text-inherit"
      >
        analytics
      </li>
    </ol>
    <p
      class="text-tremor-title dark:text-dark-tremor-content-emphasis font-bold capitalize text-primary"
    >
      analytics
    </p>
  </nav>
</div>
`;
