// Jest Snapshot v1, https://goo.gl/fbAQLP

exports[`ProjectInfoCard Component render ProjectInfoCard component with snapshot correctly 1`] = `
<div>
  <div
    class="tremor-Flex-root flex w-full flex-wrap justify-start flex-row items-start gap-y-12 md:grid md:grid-cols-2 md:gap-8 xl:grid-cols-3 xl:gap-8 2xl:grid-cols-4"
  >
    <div
      class="tremor-Flex-root flex w-full justify-start flex-col items-start"
    >
      <div
        class="tremor-Flex-root flex w-full flex-row justify-between items-center"
      >
        <img
          alt="modern"
          class="bg-[white] w-full rounded-xl shadow-lg"
          data-nimg="1"
          decoding="async"
          fetchpriority="high"
          height="180"
          src="http://localhost/_next/image?url=%2Fassets%2Fimages%2Fprofile-project.webp&w=640&q=75"
          srcset="/_next/image?url=%2Fassets%2Fimages%2Fprofile-project.webp&w=384&q=75 1x, /_next/image?url=%2Fassets%2Fimages%2Fprofile-project.webp&w=640&q=75 2x"
          style="color: transparent;"
          width="315"
        />
      </div>
      <div
        class="tremor-Flex-root flex w-full justify-start flex-col items-start pt-4 px-2"
      >
        <p
          class="text-tremor-default text-tremor-content dark:text-dark-tremor-content capitalize font-normal"
        >
          #1
        </p>
        <p
          class="text-tremor-title text-tremor-content-emphasis dark:text-dark-tremor-content-emphasis w-full font-bold text-xl capitalize mb-2"
        >
          <a
            href="/pages/profile/all-projects"
          >
            modern
          </a>
        </p>
        <p
          class="text-tremor-default text-tremor-content dark:text-dark-tremor-content flex-wrap font-light mb-6"
        >
          As Uber works through a huge amount of internal management turmoil.
        </p>
        <div
          class="tremor-Flex-root w-full flex-row justify-between items-center flex flex-wrap"
        >
          <a
            href="/pages/profile/all-projects"
          >
            <button
              class="tremor-Button-root flex-shrink-0 inline-flex justify-center items-center group font-medium outline-none rounded-tremor-default shadow-tremor-input dark:shadow-dark-tremor-input border text-sm text-tremor-brand dark:text-dark-tremor-brand border-tremor-brand dark:border-dark-tremor-brand hover:text-tremor-brand-emphasis dark:hover:text-dark-tremor-brand-emphasis dark:hover:bg-dark-tremor-brand-faint font-sans bg-inherit hover:bg-transparent hover:opacity-75 py-[7px] px-4"
            >
              <span
                class="tremor-Button-text text-sm whitespace-nowrap"
              >
                <p
                  class="text-tremor-default dark:text-dark-tremor-content font-bold text-seldom text-xs uppercase leading-[17px]"
                >
                  View Project
                </p>
              </span>
            </button>
          </a>
          <div
            class="container-avatars min-w-[56px] flex flex-nowrap ml-3"
          >
            <div
              class="inline-flex rounded-full overflow-hidden relative border-2 border-white border-solid ml-[-10px] cursor-pointer hover:z-10"
            >
              <img
                alt="Anne Marie"
                class="bg-[white] undefined"
                data-nimg="1"
                decoding="async"
                fetchpriority="high"
                height="20"
                sizes="100%"
                src="http://localhost/_next/image?url=%2Fimages%2Favatar%2Favatar-xs.webp&w=3840&q=75"
                srcset="/_next/image?url=%2Fimages%2Favatar%2Favatar-xs.webp&w=16&q=75 16w, /_next/image?url=%2Fimages%2Favatar%2Favatar-xs.webp&w=32&q=75 32w, /_next/image?url=%2Fimages%2Favatar%2Favatar-xs.webp&w=48&q=75 48w, /_next/image?url=%2Fimages%2Favatar%2Favatar-xs.webp&w=64&q=75 64w, /_next/image?url=%2Fimages%2Favatar%2Favatar-xs.webp&w=96&q=75 96w, /_next/image?url=%2Fimages%2Favatar%2Favatar-xs.webp&w=128&q=75 128w, /_next/image?url=%2Fimages%2Favatar%2Favatar-xs.webp&w=256&q=75 256w, /_next/image?url=%2Fimages%2Favatar%2Favatar-xs.webp&w=384&q=75 384w, /_next/image?url=%2Fimages%2Favatar%2Favatar-xs.webp&w=640&q=75 640w, /_next/image?url=%2Fimages%2Favatar%2Favatar-xs.webp&w=750&q=75 750w, /_next/image?url=%2Fimages%2Favatar%2Favatar-xs.webp&w=828&q=75 828w, /_next/image?url=%2Fimages%2Favatar%2Favatar-xs.webp&w=1080&q=75 1080w, /_next/image?url=%2Fimages%2Favatar%2Favatar-xs.webp&w=1200&q=75 1200w, /_next/image?url=%2Fimages%2Favatar%2Favatar-xs.webp&w=1920&q=75 1920w, /_next/image?url=%2Fimages%2Favatar%2Favatar-xs.webp&w=2048&q=75 2048w, /_next/image?url=%2Fimages%2Favatar%2Favatar-xs.webp&w=3840&q=75 3840w"
                style="color: transparent;"
                width="20"
              />
            </div>
            <div
              class="inline-flex rounded-full overflow-hidden relative border-2 border-white border-solid ml-[-10px] cursor-pointer hover:z-10"
            >
              <img
                alt="Nick Daniel"
                class="bg-[white] undefined"
                data-nimg="1"
                decoding="async"
                fetchpriority="high"
                height="20"
                sizes="100%"
                src="http://localhost/_next/image?url=%2Fimages%2Favatar%2Favatar-xs.webp&w=3840&q=75"
                srcset="/_next/image?url=%2Fimages%2Favatar%2Favatar-xs.webp&w=16&q=75 16w, /_next/image?url=%2Fimages%2Favatar%2Favatar-xs.webp&w=32&q=75 32w, /_next/image?url=%2Fimages%2Favatar%2Favatar-xs.webp&w=48&q=75 48w, /_next/image?url=%2Fimages%2Favatar%2Favatar-xs.webp&w=64&q=75 64w, /_next/image?url=%2Fimages%2Favatar%2Favatar-xs.webp&w=96&q=75 96w, /_next/image?url=%2Fimages%2Favatar%2Favatar-xs.webp&w=128&q=75 128w, /_next/image?url=%2Fimages%2Favatar%2Favatar-xs.webp&w=256&q=75 256w, /_next/image?url=%2Fimages%2Favatar%2Favatar-xs.webp&w=384&q=75 384w, /_next/image?url=%2Fimages%2Favatar%2Favatar-xs.webp&w=640&q=75 640w, /_next/image?url=%2Fimages%2Favatar%2Favatar-xs.webp&w=750&q=75 750w, /_next/image?url=%2Fimages%2Favatar%2Favatar-xs.webp&w=828&q=75 828w, /_next/image?url=%2Fimages%2Favatar%2Favatar-xs.webp&w=1080&q=75 1080w, /_next/image?url=%2Fimages%2Favatar%2Favatar-xs.webp&w=1200&q=75 1200w, /_next/image?url=%2Fimages%2Favatar%2Favatar-xs.webp&w=1920&q=75 1920w, /_next/image?url=%2Fimages%2Favatar%2Favatar-xs.webp&w=2048&q=75 2048w, /_next/image?url=%2Fimages%2Favatar%2Favatar-xs.webp&w=3840&q=75 3840w"
                style="color: transparent;"
                width="20"
              />
            </div>
          </div>
        </div>
      </div>
    </div>
    <div
      class="tremor-Flex-root flex w-full justify-start flex-col items-start"
    >
      <div
        class="tremor-Flex-root flex w-full flex-row justify-between items-center"
      >
        <img
          alt="scandinavian"
          class="bg-[white] w-full rounded-xl shadow-lg"
          data-nimg="1"
          decoding="async"
          fetchpriority="high"
          height="180"
          src="http://localhost/_next/image?url=%2Fassets%2Fimages%2Fprofile-project.webp&w=640&q=75"
          srcset="/_next/image?url=%2Fassets%2Fimages%2Fprofile-project.webp&w=384&q=75 1x, /_next/image?url=%2Fassets%2Fimages%2Fprofile-project.webp&w=640&q=75 2x"
          style="color: transparent;"
          width="315"
        />
      </div>
      <div
        class="tremor-Flex-root flex w-full justify-start flex-col items-start pt-4 px-2"
      >
        <p
          class="text-tremor-default text-tremor-content dark:text-dark-tremor-content capitalize font-normal"
        >
          #2
        </p>
        <p
          class="text-tremor-title text-tremor-content-emphasis dark:text-dark-tremor-content-emphasis w-full font-bold text-xl capitalize mb-2"
        >
          <a
            href="/pages/profile/all-projects"
          >
            scandinavian
          </a>
        </p>
        <p
          class="text-tremor-default text-tremor-content dark:text-dark-tremor-content flex-wrap font-light mb-6"
        >
          As Uber works through a huge amount of internal management turmoil.
        </p>
        <div
          class="tremor-Flex-root w-full flex-row justify-between items-center flex flex-wrap"
        >
          <a
            href="/pages/profile/all-projects"
          >
            <button
              class="tremor-Button-root flex-shrink-0 inline-flex justify-center items-center group font-medium outline-none rounded-tremor-default shadow-tremor-input dark:shadow-dark-tremor-input border text-sm text-tremor-brand dark:text-dark-tremor-brand border-tremor-brand dark:border-dark-tremor-brand hover:text-tremor-brand-emphasis dark:hover:text-dark-tremor-brand-emphasis dark:hover:bg-dark-tremor-brand-faint font-sans bg-inherit hover:bg-transparent hover:opacity-75 py-[7px] px-4"
            >
              <span
                class="tremor-Button-text text-sm whitespace-nowrap"
              >
                <p
                  class="text-tremor-default dark:text-dark-tremor-content font-bold text-seldom text-xs uppercase leading-[17px]"
                >
                  View Project
                </p>
              </span>
            </button>
          </a>
          <div
            class="container-avatars min-w-[56px] flex flex-nowrap ml-3"
          >
            <div
              class="inline-flex rounded-full overflow-hidden relative border-2 border-white border-solid ml-[-10px] cursor-pointer hover:z-10"
            >
              <img
                alt="Anne Marie"
                class="bg-[white] undefined"
                data-nimg="1"
                decoding="async"
                fetchpriority="high"
                height="20"
                sizes="100%"
                src="http://localhost/_next/image?url=%2Fimages%2Favatar%2Favatar-xs.webp&w=3840&q=75"
                srcset="/_next/image?url=%2Fimages%2Favatar%2Favatar-xs.webp&w=16&q=75 16w, /_next/image?url=%2Fimages%2Favatar%2Favatar-xs.webp&w=32&q=75 32w, /_next/image?url=%2Fimages%2Favatar%2Favatar-xs.webp&w=48&q=75 48w, /_next/image?url=%2Fimages%2Favatar%2Favatar-xs.webp&w=64&q=75 64w, /_next/image?url=%2Fimages%2Favatar%2Favatar-xs.webp&w=96&q=75 96w, /_next/image?url=%2Fimages%2Favatar%2Favatar-xs.webp&w=128&q=75 128w, /_next/image?url=%2Fimages%2Favatar%2Favatar-xs.webp&w=256&q=75 256w, /_next/image?url=%2Fimages%2Favatar%2Favatar-xs.webp&w=384&q=75 384w, /_next/image?url=%2Fimages%2Favatar%2Favatar-xs.webp&w=640&q=75 640w, /_next/image?url=%2Fimages%2Favatar%2Favatar-xs.webp&w=750&q=75 750w, /_next/image?url=%2Fimages%2Favatar%2Favatar-xs.webp&w=828&q=75 828w, /_next/image?url=%2Fimages%2Favatar%2Favatar-xs.webp&w=1080&q=75 1080w, /_next/image?url=%2Fimages%2Favatar%2Favatar-xs.webp&w=1200&q=75 1200w, /_next/image?url=%2Fimages%2Favatar%2Favatar-xs.webp&w=1920&q=75 1920w, /_next/image?url=%2Fimages%2Favatar%2Favatar-xs.webp&w=2048&q=75 2048w, /_next/image?url=%2Fimages%2Favatar%2Favatar-xs.webp&w=3840&q=75 3840w"
                style="color: transparent;"
                width="20"
              />
            </div>
            <div
              class="inline-flex rounded-full overflow-hidden relative border-2 border-white border-solid ml-[-10px] cursor-pointer hover:z-10"
            >
              <img
                alt="Nick Daniel"
                class="bg-[white] undefined"
                data-nimg="1"
                decoding="async"
                fetchpriority="high"
                height="20"
                sizes="100%"
                src="http://localhost/_next/image?url=%2Fimages%2Favatar%2Favatar-xs.webp&w=3840&q=75"
                srcset="/_next/image?url=%2Fimages%2Favatar%2Favatar-xs.webp&w=16&q=75 16w, /_next/image?url=%2Fimages%2Favatar%2Favatar-xs.webp&w=32&q=75 32w, /_next/image?url=%2Fimages%2Favatar%2Favatar-xs.webp&w=48&q=75 48w, /_next/image?url=%2Fimages%2Favatar%2Favatar-xs.webp&w=64&q=75 64w, /_next/image?url=%2Fimages%2Favatar%2Favatar-xs.webp&w=96&q=75 96w, /_next/image?url=%2Fimages%2Favatar%2Favatar-xs.webp&w=128&q=75 128w, /_next/image?url=%2Fimages%2Favatar%2Favatar-xs.webp&w=256&q=75 256w, /_next/image?url=%2Fimages%2Favatar%2Favatar-xs.webp&w=384&q=75 384w, /_next/image?url=%2Fimages%2Favatar%2Favatar-xs.webp&w=640&q=75 640w, /_next/image?url=%2Fimages%2Favatar%2Favatar-xs.webp&w=750&q=75 750w, /_next/image?url=%2Fimages%2Favatar%2Favatar-xs.webp&w=828&q=75 828w, /_next/image?url=%2Fimages%2Favatar%2Favatar-xs.webp&w=1080&q=75 1080w, /_next/image?url=%2Fimages%2Favatar%2Favatar-xs.webp&w=1200&q=75 1200w, /_next/image?url=%2Fimages%2Favatar%2Favatar-xs.webp&w=1920&q=75 1920w, /_next/image?url=%2Fimages%2Favatar%2Favatar-xs.webp&w=2048&q=75 2048w, /_next/image?url=%2Fimages%2Favatar%2Favatar-xs.webp&w=3840&q=75 3840w"
                style="color: transparent;"
                width="20"
              />
            </div>
          </div>
        </div>
      </div>
    </div>
    <div
      class="tremor-Flex-root flex w-full justify-start flex-col items-start"
    >
      <div
        class="tremor-Flex-root flex w-full flex-row justify-between items-center"
      >
        <img
          alt="minimalist"
          class="bg-[white] w-full rounded-xl shadow-lg"
          data-nimg="1"
          decoding="async"
          fetchpriority="high"
          height="180"
          src="http://localhost/_next/image?url=%2Fassets%2Fimages%2Fprofile-project.webp&w=640&q=75"
          srcset="/_next/image?url=%2Fassets%2Fimages%2Fprofile-project.webp&w=384&q=75 1x, /_next/image?url=%2Fassets%2Fimages%2Fprofile-project.webp&w=640&q=75 2x"
          style="color: transparent;"
          width="315"
        />
      </div>
      <div
        class="tremor-Flex-root flex w-full justify-start flex-col items-start pt-4 px-2"
      >
        <p
          class="text-tremor-default text-tremor-content dark:text-dark-tremor-content capitalize font-normal"
        >
          #2
        </p>
        <p
          class="text-tremor-title text-tremor-content-emphasis dark:text-dark-tremor-content-emphasis w-full font-bold text-xl capitalize mb-2"
        >
          <a
            href="/pages/profile/all-projects"
          >
            minimalist
          </a>
        </p>
        <p
          class="text-tremor-default text-tremor-content dark:text-dark-tremor-content flex-wrap font-light mb-6"
        >
          Different people have different taste, and various types of music.
        </p>
        <div
          class="tremor-Flex-root w-full flex-row justify-between items-center flex flex-wrap"
        >
          <a
            href="/pages/profile/all-projects"
          >
            <button
              class="tremor-Button-root flex-shrink-0 inline-flex justify-center items-center group font-medium outline-none rounded-tremor-default shadow-tremor-input dark:shadow-dark-tremor-input border text-sm text-tremor-brand dark:text-dark-tremor-brand border-tremor-brand dark:border-dark-tremor-brand hover:text-tremor-brand-emphasis dark:hover:text-dark-tremor-brand-emphasis dark:hover:bg-dark-tremor-brand-faint font-sans bg-inherit hover:bg-transparent hover:opacity-75 py-[7px] px-4"
            >
              <span
                class="tremor-Button-text text-sm whitespace-nowrap"
              >
                <p
                  class="text-tremor-default dark:text-dark-tremor-content font-bold text-seldom text-xs uppercase leading-[17px]"
                >
                  View Project
                </p>
              </span>
            </button>
          </a>
          <div
            class="container-avatars min-w-[56px] flex flex-nowrap ml-3"
          >
            <div
              class="inline-flex rounded-full overflow-hidden relative border-2 border-white border-solid ml-[-10px] cursor-pointer hover:z-10"
            >
              <img
                alt="Anne Marie"
                class="bg-[white] undefined"
                data-nimg="1"
                decoding="async"
                fetchpriority="high"
                height="20"
                sizes="100%"
                src="http://localhost/_next/image?url=%2Fimages%2Favatar%2Favatar-xs.webp&w=3840&q=75"
                srcset="/_next/image?url=%2Fimages%2Favatar%2Favatar-xs.webp&w=16&q=75 16w, /_next/image?url=%2Fimages%2Favatar%2Favatar-xs.webp&w=32&q=75 32w, /_next/image?url=%2Fimages%2Favatar%2Favatar-xs.webp&w=48&q=75 48w, /_next/image?url=%2Fimages%2Favatar%2Favatar-xs.webp&w=64&q=75 64w, /_next/image?url=%2Fimages%2Favatar%2Favatar-xs.webp&w=96&q=75 96w, /_next/image?url=%2Fimages%2Favatar%2Favatar-xs.webp&w=128&q=75 128w, /_next/image?url=%2Fimages%2Favatar%2Favatar-xs.webp&w=256&q=75 256w, /_next/image?url=%2Fimages%2Favatar%2Favatar-xs.webp&w=384&q=75 384w, /_next/image?url=%2Fimages%2Favatar%2Favatar-xs.webp&w=640&q=75 640w, /_next/image?url=%2Fimages%2Favatar%2Favatar-xs.webp&w=750&q=75 750w, /_next/image?url=%2Fimages%2Favatar%2Favatar-xs.webp&w=828&q=75 828w, /_next/image?url=%2Fimages%2Favatar%2Favatar-xs.webp&w=1080&q=75 1080w, /_next/image?url=%2Fimages%2Favatar%2Favatar-xs.webp&w=1200&q=75 1200w, /_next/image?url=%2Fimages%2Favatar%2Favatar-xs.webp&w=1920&q=75 1920w, /_next/image?url=%2Fimages%2Favatar%2Favatar-xs.webp&w=2048&q=75 2048w, /_next/image?url=%2Fimages%2Favatar%2Favatar-xs.webp&w=3840&q=75 3840w"
                style="color: transparent;"
                width="20"
              />
            </div>
            <div
              class="inline-flex rounded-full overflow-hidden relative border-2 border-white border-solid ml-[-10px] cursor-pointer hover:z-10"
            >
              <img
                alt="Nick Daniel"
                class="bg-[white] undefined"
                data-nimg="1"
                decoding="async"
                fetchpriority="high"
                height="20"
                sizes="100%"
                src="http://localhost/_next/image?url=%2Fimages%2Favatar%2Favatar-xs.webp&w=3840&q=75"
                srcset="/_next/image?url=%2Fimages%2Favatar%2Favatar-xs.webp&w=16&q=75 16w, /_next/image?url=%2Fimages%2Favatar%2Favatar-xs.webp&w=32&q=75 32w, /_next/image?url=%2Fimages%2Favatar%2Favatar-xs.webp&w=48&q=75 48w, /_next/image?url=%2Fimages%2Favatar%2Favatar-xs.webp&w=64&q=75 64w, /_next/image?url=%2Fimages%2Favatar%2Favatar-xs.webp&w=96&q=75 96w, /_next/image?url=%2Fimages%2Favatar%2Favatar-xs.webp&w=128&q=75 128w, /_next/image?url=%2Fimages%2Favatar%2Favatar-xs.webp&w=256&q=75 256w, /_next/image?url=%2Fimages%2Favatar%2Favatar-xs.webp&w=384&q=75 384w, /_next/image?url=%2Fimages%2Favatar%2Favatar-xs.webp&w=640&q=75 640w, /_next/image?url=%2Fimages%2Favatar%2Favatar-xs.webp&w=750&q=75 750w, /_next/image?url=%2Fimages%2Favatar%2Favatar-xs.webp&w=828&q=75 828w, /_next/image?url=%2Fimages%2Favatar%2Favatar-xs.webp&w=1080&q=75 1080w, /_next/image?url=%2Fimages%2Favatar%2Favatar-xs.webp&w=1200&q=75 1200w, /_next/image?url=%2Fimages%2Favatar%2Favatar-xs.webp&w=1920&q=75 1920w, /_next/image?url=%2Fimages%2Favatar%2Favatar-xs.webp&w=2048&q=75 2048w, /_next/image?url=%2Fimages%2Favatar%2Favatar-xs.webp&w=3840&q=75 3840w"
                style="color: transparent;"
                width="20"
              />
            </div>
          </div>
        </div>
      </div>
    </div>
    <div
      class="tremor-Flex-root flex w-full justify-start flex-col items-start"
    >
      <div
        class="tremor-Flex-root flex w-full flex-row justify-between items-center"
      >
        <img
          alt="gothic"
          class="bg-[white] w-full rounded-xl shadow-lg"
          data-nimg="1"
          decoding="async"
          fetchpriority="high"
          height="180"
          src="http://localhost/_next/image?url=%2Fassets%2Fimages%2Fprofile-project.webp&w=640&q=75"
          srcset="/_next/image?url=%2Fassets%2Fimages%2Fprofile-project.webp&w=384&q=75 1x, /_next/image?url=%2Fassets%2Fimages%2Fprofile-project.webp&w=640&q=75 2x"
          style="color: transparent;"
          width="315"
        />
      </div>
      <div
        class="tremor-Flex-root flex w-full justify-start flex-col items-start pt-4 px-2"
      >
        <p
          class="text-tremor-default text-tremor-content dark:text-dark-tremor-content capitalize font-normal"
        >
          #4
        </p>
        <p
          class="text-tremor-title text-tremor-content-emphasis dark:text-dark-tremor-content-emphasis w-full font-bold text-xl capitalize mb-2"
        >
          <a
            href="/pages/profile/all-projects"
          >
            gothic
          </a>
        </p>
        <p
          class="text-tremor-default text-tremor-content dark:text-dark-tremor-content flex-wrap font-light mb-6"
        >
          Why would anyone pick blue over pink? Pink is obviously a better color.
        </p>
        <div
          class="tremor-Flex-root w-full flex-row justify-between items-center flex flex-wrap"
        >
          <a
            href="/pages/profile/all-projects"
          >
            <button
              class="tremor-Button-root flex-shrink-0 inline-flex justify-center items-center group font-medium outline-none rounded-tremor-default shadow-tremor-input dark:shadow-dark-tremor-input border text-sm text-tremor-brand dark:text-dark-tremor-brand border-tremor-brand dark:border-dark-tremor-brand hover:text-tremor-brand-emphasis dark:hover:text-dark-tremor-brand-emphasis dark:hover:bg-dark-tremor-brand-faint font-sans bg-inherit hover:bg-transparent hover:opacity-75 py-[7px] px-4"
            >
              <span
                class="tremor-Button-text text-sm whitespace-nowrap"
              >
                <p
                  class="text-tremor-default dark:text-dark-tremor-content font-bold text-seldom text-xs uppercase leading-[17px]"
                >
                  View Project
                </p>
              </span>
            </button>
          </a>
          <div
            class="container-avatars min-w-[56px] flex flex-nowrap ml-3"
          >
            <div
              class="inline-flex rounded-full overflow-hidden relative border-2 border-white border-solid ml-[-10px] cursor-pointer hover:z-10"
            >
              <img
                alt="Anne Marie"
                class="bg-[white] undefined"
                data-nimg="1"
                decoding="async"
                fetchpriority="high"
                height="20"
                sizes="100%"
                src="http://localhost/_next/image?url=%2Fimages%2Favatar%2Favatar-xs.webp&w=3840&q=75"
                srcset="/_next/image?url=%2Fimages%2Favatar%2Favatar-xs.webp&w=16&q=75 16w, /_next/image?url=%2Fimages%2Favatar%2Favatar-xs.webp&w=32&q=75 32w, /_next/image?url=%2Fimages%2Favatar%2Favatar-xs.webp&w=48&q=75 48w, /_next/image?url=%2Fimages%2Favatar%2Favatar-xs.webp&w=64&q=75 64w, /_next/image?url=%2Fimages%2Favatar%2Favatar-xs.webp&w=96&q=75 96w, /_next/image?url=%2Fimages%2Favatar%2Favatar-xs.webp&w=128&q=75 128w, /_next/image?url=%2Fimages%2Favatar%2Favatar-xs.webp&w=256&q=75 256w, /_next/image?url=%2Fimages%2Favatar%2Favatar-xs.webp&w=384&q=75 384w, /_next/image?url=%2Fimages%2Favatar%2Favatar-xs.webp&w=640&q=75 640w, /_next/image?url=%2Fimages%2Favatar%2Favatar-xs.webp&w=750&q=75 750w, /_next/image?url=%2Fimages%2Favatar%2Favatar-xs.webp&w=828&q=75 828w, /_next/image?url=%2Fimages%2Favatar%2Favatar-xs.webp&w=1080&q=75 1080w, /_next/image?url=%2Fimages%2Favatar%2Favatar-xs.webp&w=1200&q=75 1200w, /_next/image?url=%2Fimages%2Favatar%2Favatar-xs.webp&w=1920&q=75 1920w, /_next/image?url=%2Fimages%2Favatar%2Favatar-xs.webp&w=2048&q=75 2048w, /_next/image?url=%2Fimages%2Favatar%2Favatar-xs.webp&w=3840&q=75 3840w"
                style="color: transparent;"
                width="20"
              />
            </div>
            <div
              class="inline-flex rounded-full overflow-hidden relative border-2 border-white border-solid ml-[-10px] cursor-pointer hover:z-10"
            >
              <img
                alt="Nick Daniel"
                class="bg-[white] undefined"
                data-nimg="1"
                decoding="async"
                fetchpriority="high"
                height="20"
                sizes="100%"
                src="http://localhost/_next/image?url=%2Fimages%2Favatar%2Favatar-xs.webp&w=3840&q=75"
                srcset="/_next/image?url=%2Fimages%2Favatar%2Favatar-xs.webp&w=16&q=75 16w, /_next/image?url=%2Fimages%2Favatar%2Favatar-xs.webp&w=32&q=75 32w, /_next/image?url=%2Fimages%2Favatar%2Favatar-xs.webp&w=48&q=75 48w, /_next/image?url=%2Fimages%2Favatar%2Favatar-xs.webp&w=64&q=75 64w, /_next/image?url=%2Fimages%2Favatar%2Favatar-xs.webp&w=96&q=75 96w, /_next/image?url=%2Fimages%2Favatar%2Favatar-xs.webp&w=128&q=75 128w, /_next/image?url=%2Fimages%2Favatar%2Favatar-xs.webp&w=256&q=75 256w, /_next/image?url=%2Fimages%2Favatar%2Favatar-xs.webp&w=384&q=75 384w, /_next/image?url=%2Fimages%2Favatar%2Favatar-xs.webp&w=640&q=75 640w, /_next/image?url=%2Fimages%2Favatar%2Favatar-xs.webp&w=750&q=75 750w, /_next/image?url=%2Fimages%2Favatar%2Favatar-xs.webp&w=828&q=75 828w, /_next/image?url=%2Fimages%2Favatar%2Favatar-xs.webp&w=1080&q=75 1080w, /_next/image?url=%2Fimages%2Favatar%2Favatar-xs.webp&w=1200&q=75 1200w, /_next/image?url=%2Fimages%2Favatar%2Favatar-xs.webp&w=1920&q=75 1920w, /_next/image?url=%2Fimages%2Favatar%2Favatar-xs.webp&w=2048&q=75 2048w, /_next/image?url=%2Fimages%2Favatar%2Favatar-xs.webp&w=3840&q=75 3840w"
                style="color: transparent;"
                width="20"
              />
            </div>
          </div>
        </div>
      </div>
    </div>
  </div>
</div>
`;
