// Jest Snapshot v1, https://goo.gl/fbAQLP

exports[`Transactions Component Testing should match snapshot 1`] = `
<div>
  <div
    class="p-6 bg-white dark:bg-[#202940] rounded-lg shadow-md"
  >
    <div
      class="flex justify-between"
    >
      <h6
        class="font-semibold text-primary dark:text-white"
      >
        Your Transaction's
      </h6>
      <div
        class="flex items-center text-secondary"
      >
        <svg
          class="dark:text-lighter"
          fill="currentColor"
          height="1em"
          stroke="currentColor"
          stroke-width="0"
          viewBox="0 0 448 512"
          width="1em"
          xmlns="http://www.w3.org/2000/svg"
        >
          <path
            d="M148 288h-40c-6.6 0-12-5.4-12-12v-40c0-6.6 5.4-12 12-12h40c6.6 0 12 5.4 12 12v40c0 6.6-5.4 12-12 12zm108-12v-40c0-6.6-5.4-12-12-12h-40c-6.6 0-12 5.4-12 12v40c0 6.6 5.4 12 12 12h40c6.6 0 12-5.4 12-12zm96 0v-40c0-6.6-5.4-12-12-12h-40c-6.6 0-12 5.4-12 12v40c0 6.6 5.4 12 12 12h40c6.6 0 12-5.4 12-12zm-96 96v-40c0-6.6-5.4-12-12-12h-40c-6.6 0-12 5.4-12 12v40c0 6.6 5.4 12 12 12h40c6.6 0 12-5.4 12-12zm-96 0v-40c0-6.6-5.4-12-12-12h-40c-6.6 0-12 5.4-12 12v40c0 6.6 5.4 12 12 12h40c6.6 0 12-5.4 12-12zm192 0v-40c0-6.6-5.4-12-12-12h-40c-6.6 0-12 5.4-12 12v40c0 6.6 5.4 12 12 12h40c6.6 0 12-5.4 12-12zm96-260v352c0 26.5-21.5 48-48 48H48c-26.5 0-48-21.5-48-48V112c0-26.5 21.5-48 48-48h48V12c0-6.6 5.4-12 12-12h40c6.6 0 12 5.4 12 12v52h128V12c0-6.6 5.4-12 12-12h40c6.6 0 12 5.4 12 12v52h48c26.5 0 48 21.5 48 48zm-48 346V160H48v298c0 3.3 2.7 6 6 6h340c3.3 0 6-2.7 6-6z"
          />
        </svg>
        <p
          class="text-sm dark:text-lighter ml-2"
        >
          23 - 30 March 2020
        </p>
      </div>
    </div>
    <h6
      class="transaction-list-heading dark:text-lighter"
    >
      NEWEST
    </h6>
    <div
      class="overflow-y-auto max-h-[505px]"
    >
      <ul>
        <div
          class="flex pr-4 py-4 justify-between items-center"
        >
          <div
            class="flex gap-4 items-center"
          >
            <button
              class="flex shrink-0 w-9 h-9 justify-center items-center border rounded-full text-attention border-attention"
              type="button"
            >
              <svg
                fill="currentColor"
                height="1em"
                stroke="currentColor"
                stroke-width="0"
                viewBox="0 0 24 24"
                width="1em"
                xmlns="http://www.w3.org/2000/svg"
              >
                <path
                  d="M16.293 9.293 12 13.586 7.707 9.293l-1.414 1.414L12 16.414l5.707-5.707z"
                />
              </svg>
            </button>
            <div>
              <h6
                class="text-sm font-semibold text-primary dark:text-white mb-1"
              >
                Netflix
              </h6>
              <p
                class="text-xs text-secondary dark:text-lighter"
              >
                05 Feb 2024, at 09:50 AM
              </p>
            </div>
          </div>
          <p
            class="text-sm font-semibold text-attention"
          >
            - $2,500.00
          </p>
        </div>
        <div
          class="flex pr-4 py-4 justify-between items-center"
        >
          <div
            class="flex gap-4 items-center"
          >
            <button
              class="flex shrink-0 w-9 h-9 justify-center items-center border rounded-full text-few border-few"
              type="button"
            >
              <svg
                fill="currentColor"
                height="1em"
                stroke="currentColor"
                stroke-width="0"
                viewBox="0 0 24 24"
                width="1em"
                xmlns="http://www.w3.org/2000/svg"
              >
                <path
                  d="m6.293 13.293 1.414 1.414L12 10.414l4.293 4.293 1.414-1.414L12 7.586z"
                />
              </svg>
            </button>
            <div>
              <h6
                class="text-sm font-semibold text-primary dark:text-white mb-1"
              >
                Apple
              </h6>
              <p
                class="text-xs text-secondary dark:text-lighter"
              >
                05 Feb 2024, at 09:50 AM
              </p>
            </div>
          </div>
          <p
            class="text-sm font-semibold text-few"
          >
            + $2,000.00
          </p>
        </div>
        <div
          class="flex pr-4 py-4 justify-between items-center"
        >
          <div
            class="flex gap-4 items-center"
          >
            <button
              class="flex shrink-0 w-9 h-9 justify-center items-center border rounded-full text-few border-few"
              type="button"
            >
              <svg
                fill="currentColor"
                height="1em"
                stroke="currentColor"
                stroke-width="0"
                viewBox="0 0 24 24"
                width="1em"
                xmlns="http://www.w3.org/2000/svg"
              >
                <path
                  d="m6.293 13.293 1.414 1.414L12 10.414l4.293 4.293 1.414-1.414L12 7.586z"
                />
              </svg>
            </button>
            <div>
              <h6
                class="text-sm font-semibold text-primary dark:text-white mb-1"
              >
                Stripe
              </h6>
              <p
                class="text-xs text-secondary dark:text-lighter"
              >
                05 Feb 2024, at 09:51 AM
              </p>
            </div>
          </div>
          <p
            class="text-sm font-semibold text-few"
          >
            + $750.00
          </p>
        </div>
        <div
          class="flex pr-4 py-4 justify-between items-center"
        >
          <div
            class="flex gap-4 items-center"
          >
            <button
              class="flex shrink-0 w-9 h-9 justify-center items-center border rounded-full text-few border-few"
              type="button"
            >
              <svg
                fill="currentColor"
                height="1em"
                stroke="currentColor"
                stroke-width="0"
                viewBox="0 0 24 24"
                width="1em"
                xmlns="http://www.w3.org/2000/svg"
              >
                <path
                  d="m6.293 13.293 1.414 1.414L12 10.414l4.293 4.293 1.414-1.414L12 7.586z"
                />
              </svg>
            </button>
            <div>
              <h6
                class="text-sm font-semibold text-primary dark:text-white mb-1"
              >
                HubSpot
              </h6>
              <p
                class="text-xs text-secondary dark:text-lighter"
              >
                05 Jan 2024, at 09:51 AM
              </p>
            </div>
          </div>
          <p
            class="text-sm font-semibold text-few"
          >
            + $1,000.00
          </p>
        </div>
        <div
          class="flex pr-4 py-4 justify-between items-center"
        >
          <div
            class="flex gap-4 items-center"
          >
            <button
              class="flex shrink-0 w-9 h-9 justify-center items-center border rounded-full text-few border-few"
              type="button"
            >
              <svg
                fill="currentColor"
                height="1em"
                stroke="currentColor"
                stroke-width="0"
                viewBox="0 0 24 24"
                width="1em"
                xmlns="http://www.w3.org/2000/svg"
              >
                <path
                  d="m6.293 13.293 1.414 1.414L12 10.414l4.293 4.293 1.414-1.414L12 7.586z"
                />
              </svg>
            </button>
            <div>
              <h6
                class="text-sm font-semibold text-primary dark:text-white mb-1"
              >
                Creative Tim
              </h6>
              <p
                class="text-xs text-secondary dark:text-lighter"
              >
                05 Feb 2024, at 09:52 AM
              </p>
            </div>
          </div>
          <p
            class="text-sm font-semibold text-few"
          >
            + $2,500.00
          </p>
        </div>
        <div
          class="flex pr-4 py-4 justify-between items-center"
        >
          <div
            class="flex gap-4 items-center"
          >
            <button
              class="flex shrink-0 w-9 h-9 justify-center items-center border rounded-full text-primary border-primary"
              type="button"
            >
              <svg
                fill="currentColor"
                height="1em"
                stroke="currentColor"
                stroke-width="0"
                viewBox="0 0 16 16"
                width="1em"
                xmlns="http://www.w3.org/2000/svg"
              >
                <path
                  d="M7.005 3.1a1 1 0 1 1 1.99 0l-.388 6.35a.61.61 0 0 1-1.214 0L7.005 3.1ZM7 12a1 1 0 1 1 2 0 1 1 0 0 1-2 0Z"
                />
              </svg>
            </button>
            <div>
              <h6
                class="text-sm font-semibold text-primary dark:text-white mb-1"
              >
                Webflow
              </h6>
              <p
                class="text-xs text-secondary dark:text-lighter"
              >
                05 Feb 2024, at 09:52 AM
              </p>
            </div>
          </div>
          <p
            class="text-sm font-semibold text-primary"
          >
            Pending
          </p>
        </div>
        <div
          class="flex pr-4 py-4 justify-between items-center"
        >
          <div
            class="flex gap-4 items-center"
          >
            <button
              class="flex shrink-0 w-9 h-9 justify-center items-center border rounded-full text-few border-few"
              type="button"
            >
              <svg
                fill="currentColor"
                height="1em"
                stroke="currentColor"
                stroke-width="0"
                viewBox="0 0 24 24"
                width="1em"
                xmlns="http://www.w3.org/2000/svg"
              >
                <path
                  d="m6.293 13.293 1.414 1.414L12 10.414l4.293 4.293 1.414-1.414L12 7.586z"
                />
              </svg>
            </button>
            <div>
              <h6
                class="text-sm font-semibold text-primary dark:text-white mb-1"
              >
                Momo
              </h6>
              <p
                class="text-xs text-secondary dark:text-lighter"
              >
                05 Feb 2024, at 09:52 AM
              </p>
            </div>
          </div>
          <p
            class="text-sm font-semibold text-few"
          >
            + $90.00
          </p>
        </div>
      </ul>
    </div>
  </div>
</div>
`;
