// Jest Snapshot v1, https://goo.gl/fbAQLP

exports[`Testing Order detail contact section Should match snapshot 1`] = `
{
  "asFragment": [Function],
  "baseElement": <body>
    <div>
      <p
        class="text-tremor-title font-primary font-bold text-primary dark:text-dark-primary text-xl leading-snug capitalize"
      >
        Socials
      </p>
      <div
        class="tremor-Flex-root flex w-full flex-col items-start justify-start mt-8"
      >
        <input
          class="w-full text-sm text-secondary dark:text-dark-romance text-tremor-content-title py-1 mb-6 rounded-none ring-0 border-0 border-b focus:border-b-2 border-gray-300 focus:border-tremor-brand-subtle focus:outline-none hover:bg-transparent dark:bg-transparent dark:hover:bg-transparent dark:border-white dark:text-white"
          id="shoppifyHandle"
          placeholder="Shoppify Handle"
        />
        <input
          class="w-full text-sm text-secondary dark:text-dark-romance text-tremor-content-title py-1 mb-6 rounded-none ring-0 border-0 border-b focus:border-b-2 border-gray-300 focus:border-tremor-brand-subtle focus:outline-none hover:bg-transparent dark:bg-transparent dark:hover:bg-transparent dark:border-white dark:text-white"
          id="facebookAccount"
          placeholder="Facebook Account"
        />
        <input
          class="w-full text-sm text-secondary dark:text-dark-romance text-tremor-content-title py-1 mb-6 rounded-none ring-0 border-0 border-b focus:border-b-2 border-gray-300 focus:border-tremor-brand-subtle focus:outline-none hover:bg-transparent dark:bg-transparent dark:hover:bg-transparent dark:border-white dark:text-white"
          id="instagramAccount"
          placeholder="Instagram Account"
        />
      </div>
    </div>
  </body>,
  "container": <div>
    <p
      class="text-tremor-title font-primary font-bold text-primary dark:text-dark-primary text-xl leading-snug capitalize"
    >
      Socials
    </p>
    <div
      class="tremor-Flex-root flex w-full flex-col items-start justify-start mt-8"
    >
      <input
        class="w-full text-sm text-secondary dark:text-dark-romance text-tremor-content-title py-1 mb-6 rounded-none ring-0 border-0 border-b focus:border-b-2 border-gray-300 focus:border-tremor-brand-subtle focus:outline-none hover:bg-transparent dark:bg-transparent dark:hover:bg-transparent dark:border-white dark:text-white"
        id="shoppifyHandle"
        placeholder="Shoppify Handle"
      />
      <input
        class="w-full text-sm text-secondary dark:text-dark-romance text-tremor-content-title py-1 mb-6 rounded-none ring-0 border-0 border-b focus:border-b-2 border-gray-300 focus:border-tremor-brand-subtle focus:outline-none hover:bg-transparent dark:bg-transparent dark:hover:bg-transparent dark:border-white dark:text-white"
        id="facebookAccount"
        placeholder="Facebook Account"
      />
      <input
        class="w-full text-sm text-secondary dark:text-dark-romance text-tremor-content-title py-1 mb-6 rounded-none ring-0 border-0 border-b focus:border-b-2 border-gray-300 focus:border-tremor-brand-subtle focus:outline-none hover:bg-transparent dark:bg-transparent dark:hover:bg-transparent dark:border-white dark:text-white"
        id="instagramAccount"
        placeholder="Instagram Account"
      />
    </div>
  </div>,
  "debug": [Function],
  "findAllByAltText": [Function],
  "findAllByDisplayValue": [Function],
  "findAllByLabelText": [Function],
  "findAllByPlaceholderText": [Function],
  "findAllByRole": [Function],
  "findAllByTestId": [Function],
  "findAllByText": [Function],
  "findAllByTitle": [Function],
  "findByAltText": [Function],
  "findByDisplayValue": [Function],
  "findByLabelText": [Function],
  "findByPlaceholderText": [Function],
  "findByRole": [Function],
  "findByTestId": [Function],
  "findByText": [Function],
  "findByTitle": [Function],
  "getAllByAltText": [Function],
  "getAllByDisplayValue": [Function],
  "getAllByLabelText": [Function],
  "getAllByPlaceholderText": [Function],
  "getAllByRole": [Function],
  "getAllByTestId": [Function],
  "getAllByText": [Function],
  "getAllByTitle": [Function],
  "getByAltText": [Function],
  "getByDisplayValue": [Function],
  "getByLabelText": [Function],
  "getByPlaceholderText": [Function],
  "getByRole": [Function],
  "getByTestId": [Function],
  "getByText": [Function],
  "getByTitle": [Function],
  "queryAllByAltText": [Function],
  "queryAllByDisplayValue": [Function],
  "queryAllByLabelText": [Function],
  "queryAllByPlaceholderText": [Function],
  "queryAllByRole": [Function],
  "queryAllByTestId": [Function],
  "queryAllByText": [Function],
  "queryAllByTitle": [Function],
  "queryByAltText": [Function],
  "queryByDisplayValue": [Function],
  "queryByLabelText": [Function],
  "queryByPlaceholderText": [Function],
  "queryByRole": [Function],
  "queryByTestId": [Function],
  "queryByText": [Function],
  "queryByTitle": [Function],
  "rerender": [Function],
  "unmount": [Function],
}
`;
